# serializer version: 1
# name: test_list_services_all
  '''
  {
    "items": [
      {
        "adresse": "62, rue Eugène Rodrigues",
        "adresse_certifiee": false,
        "code_insee": "59350",
        "code_postal": "92950",
        "commune": "Sainte Gabriel",
        "complement_adresse": null,
        "conditions_acces": "Savoir lire et écrire",
        "contact_nom_prenom": "Thibaut de Michaud",
        "courriel": "michelgerard@example.net",
        "date_maj": "2023-01-01",
        "description": "Lorem ipsum dolor sit amet, consectetur adipiscing\n                    elit, sed do eiusmod tempor incididunt ut labore et dolore magna\n                    aliqua.",
        "frais": "gratuit",
        "frais_precisions": "Camarade il.",
        "horaires_accueil": "Mo-Fr 10:00-20:00",
        "id": "dora--be-water-scene-wind",
        "latitude": -77.857573,
        "lien_mobilisation": "https://teixeira.fr/",
        "lien_source": null,
        "longitude": -62.54684,
        "mobilisable_par": [
          "usagers"
        ],
        "mobilisation_precisions": null,
        "modes_accueil": [
          "a-distance"
        ],
        "modes_mobilisation": [
          "telephoner"
        ],
        "nom": "Munoz",
        "nombre_semaines": 1,
        "publics": [
          "femmes"
        ],
        "publics_precisions": "Femme en situation d'insertion",
        "score_qualite": 0.5,
        "source": "dora",
        "structure_id": "dora--lot-kitchen-amount",
        "telephone": "0102030405",
        "thematiques": [
          "famille--garde-denfants"
        ],
        "type": "formation",
        "volume_horaire_hebdomadaire": 1.0,
        "zone_eligibilite": null
      }
    ],
    "page": 1,
    "pages": 1,
    "size": 1,
    "total": 1
  }
  '''
# ---
# name: test_list_structures_all
  '''
  {
    "items": [
      {
        "accessibilite_lieu": "https://acceslibre.beta.gouv.fr/app/kitchen-amount/",
        "adresse": "49, avenue de Pichon",
        "adresse_certifiee": false,
        "code_insee": "59350",
        "code_postal": "46873",
        "commune": "Sainte CharlotteBourg",
        "complement_adresse": null,
        "courriel": "levyalexandre@example.org",
        "date_maj": "2023-01-01",
        "description": "Lorem ipsum dolor sit amet, consectetur adipiscing elit,\n                sed do eiusmod tempor incididunt ut labore et dolore magna aliqua.",
        "doublons": [],
        "horaires_accueil": "Mo-Fr 10:00-20:00",
        "id": "dora--lot-kitchen-amount",
        "latitude": -20.074628,
        "lien_source": null,
        "longitude": 99.899603,
        "nom": "Perrin",
        "reseaux_porteurs": [],
        "score_qualite": 0.7,
        "siret": "76475938700658",
        "site_web": "https://www.le.net/",
        "source": "dora",
        "telephone": "0102030405"
      }
    ],
    "page": 1,
    "pages": 1,
    "size": 1,
    "total": 1
  }
  '''
# ---
